>> run_pipeline_diagnostics();
=== NARWC Pipeline Diagnostics (read-only -- no database writes) ===

--- Preflight: database connectivity ---
[27-Jul-2026 08:57:06][INFO    ] [narwc.db.Connection] Connecting to SQLServer database at localhost...
[27-Jul-2026 08:57:07][INFO    ] [narwc.db.Connection] Database connection established
[27-Jul-2026 08:57:07][DEBUG   ] [narwc.db.Connection] Fetched 1 rows
  [OK] Connected. DB-dependent checks (existence lookup) will run.

--- CCSAerialFormat ---
  Using real raw file: C:\Users\rshomberg\OneDrive - Marine Acoustics\Documents\3ops\2025-NARWCDB\data\surveys\raw\CCS\2023 Aerial\CCS1000.csv
[27-Jul-2026 08:57:07][INFO    ] [narwc.ingestion.SurveyFileWriter] Created: CCS1000
[27-Jul-2026 08:57:07][INFO    ] [narwc.ingestion.SurveyFileWriter] Summary written to: C:\Users\rshomberg\AppData\Local\Temp\tp5ed8ba5f_0f8c_4b30_9c33_9af17d8dc8b9\pipeline_diagnostics_pending\CCSAerialFormat\_split_summary_2026-07-27_08-57-07.log
  [OK] Converted: 1 survey(s), 6116 row(s)
[27-Jul-2026 08:57:07][INFO    ] [narwc.validation.SurveyValidator] Starting validation...
[27-Jul-2026 08:57:07][DEBUG   ] [narwc.validation.SurveyValidator] Validating required fields...
[27-Jul-2026 08:57:07][DEBUG   ] [narwc.validation.SurveyValidator] Validating coordinates...
[27-Jul-2026 08:57:07][DEBUG   ] [narwc.validation.SurveyValidator] Validating date/time fields...
[27-Jul-2026 08:57:07][DEBUG   ] [narwc.validation.SurveyValidator] Validating species fields...
[27-Jul-2026 08:57:07][DEBUG   ] [narwc.validation.SurveyValidator] Validating environmental fields...
[27-Jul-2026 08:57:07][DEBUG   ] [narwc.validation.SurveyValidator] Validating Beaufort scale...
[27-Jul-2026 08:57:07][DEBUG   ] [narwc.validation.SurveyValidator] Validating behavioral fields...
[27-Jul-2026 08:57:07][DEBUG   ] [narwc.validation.SurveyValidator] Validating platform field...
[27-Jul-2026 08:57:07][DEBUG   ] [narwc.validation.SurveyValidator] Validating foreign key fields...
[27-Jul-2026 08:57:07][INFO    ] [narwc.validation.SurveyValidator] Validation complete: 6 errors, 0 warnings (0 acknowledged [0 per-row, 0 per-survey], 0 new)
[27-Jul-2026 08:57:07][WARNING ] [narwc.validation.SurveyValidator] Data has validation errors
  CCS1000              DDSOURCE=CCS    PLATFORM=649   
  Validation: 6 error(s), 0 warning(s) across 1 survey(s)
[27-Jul-2026 08:57:07][DEBUG   ] [narwc.db.Connection] Fetched 1 rows
  CCS1000              -> INSERT (new)

--- CCSVesselFormat ---
  Using real raw file: C:\Users\rshomberg\OneDrive - Marine Acoustics\Documents\3ops\2025-NARWCDB\data\surveys\raw\CCS\2023 Vessel\SW1351.csv
[27-Jul-2026 08:57:07][INFO    ] [narwc.ingestion.SurveyFileWriter] Created: SW1351
[27-Jul-2026 08:57:07][INFO    ] [narwc.ingestion.SurveyFileWriter] Summary written to: C:\Users\rshomberg\AppData\Local\Temp\tp5ed8ba5f_0f8c_4b30_9c33_9af17d8dc8b9\pipeline_diagnostics_pending\CCSVesselFormat\_split_summary_2026-07-27_08-57-07.log
  [OK] Converted: 1 survey(s), 2891 row(s)
[27-Jul-2026 08:57:08][INFO    ] [narwc.validation.SurveyValidator] Starting validation...
[27-Jul-2026 08:57:08][DEBUG   ] [narwc.validation.SurveyValidator] Validating required fields...
[27-Jul-2026 08:57:08][DEBUG   ] [narwc.validation.SurveyValidator] Validating coordinates...
[27-Jul-2026 08:57:08][DEBUG   ] [narwc.validation.SurveyValidator] Validating date/time fields...
[27-Jul-2026 08:57:08][DEBUG   ] [narwc.validation.SurveyValidator] Validating species fields...
[27-Jul-2026 08:57:08][DEBUG   ] [narwc.validation.SurveyValidator] Validating environmental fields...
[27-Jul-2026 08:57:08][DEBUG   ] [narwc.validation.SurveyValidator] Validating Beaufort scale...
[27-Jul-2026 08:57:08][DEBUG   ] [narwc.validation.SurveyValidator] Validating behavioral fields...
[27-Jul-2026 08:57:08][DEBUG   ] [narwc.validation.SurveyValidator] Validating platform field...
[27-Jul-2026 08:57:08][DEBUG   ] [narwc.validation.SurveyValidator] Validating foreign key fields...
[27-Jul-2026 08:57:08][INFO    ] [narwc.validation.SurveyValidator] Validation complete: 6 errors, 0 warnings (0 acknowledged [0 per-row, 0 per-survey], 0 new)
[27-Jul-2026 08:57:08][WARNING ] [narwc.validation.SurveyValidator] Data has validation errors
  SW1351               DDSOURCE=CCS    PLATFORM=107   
  Validation: 6 error(s), 0 warning(s) across 1 survey(s)
[27-Jul-2026 08:57:08][DEBUG   ] [narwc.db.Connection] Fetched 1 rows
  SW1351               -> INSERT (new)

--- CCSOpportunisticFormat ---
  Using real raw file: C:\Users\rshomberg\OneDrive - Marine Acoustics\Documents\3ops\2025-NARWCDB\data\surveys\raw\CCS\2023 Opportunistic\2023 CCS Opportunistic Sightings-NARWC Submission.csv
[27-Jul-2026 08:57:08][INFO    ] [narwc.ingestion.SurveyFileWriter] Created: 2023 CCS Opportunistic Sightings-NARWC Submission
[27-Jul-2026 08:57:08][INFO    ] [narwc.ingestion.SurveyFileWriter] Summary written to: C:\Users\rshomberg\AppData\Local\Temp\tp5ed8ba5f_0f8c_4b30_9c33_9af17d8dc8b9\pipeline_diagnostics_pending\CCSOpportunisticFormat\_split_summary_2026-07-27_08-57-08.log
  [OK] Converted: 1 survey(s), 57 row(s)
[27-Jul-2026 08:57:08][INFO    ] [narwc.validation.SurveyValidator] Starting validation...
[27-Jul-2026 08:57:08][DEBUG   ] [narwc.validation.SurveyValidator] Validating required fields...
[27-Jul-2026 08:57:08][DEBUG   ] [narwc.validation.SurveyValidator] Validating coordinates...
[27-Jul-2026 08:57:08][DEBUG   ] [narwc.validation.SurveyValidator] Validating date/time fields...
[27-Jul-2026 08:57:08][DEBUG   ] [narwc.validation.SurveyValidator] Validating species fields...
[27-Jul-2026 08:57:08][DEBUG   ] [narwc.validation.SurveyValidator] Validating environmental fields...
[27-Jul-2026 08:57:08][DEBUG   ] [narwc.validation.SurveyValidator] Validating Beaufort scale...
[27-Jul-2026 08:57:08][DEBUG   ] [narwc.validation.SurveyValidator] Validating behavioral fields...
[27-Jul-2026 08:57:08][DEBUG   ] [narwc.validation.SurveyValidator] Validating platform field...
[27-Jul-2026 08:57:08][DEBUG   ] [narwc.validation.SurveyValidator] Validating foreign key fields...
[27-Jul-2026 08:57:08][INFO    ] [narwc.validation.SurveyValidator] Validation complete: 7 errors, 0 warnings (0 acknowledged [0 per-row, 0 per-survey], 0 new)
[27-Jul-2026 08:57:08][WARNING ] [narwc.validation.SurveyValidator] Data has validation errors
  2023 CCS Opportunistic Sightings-NARWC Submission DDSOURCE=CCS    PLATFORM=NaN   
  Validation: 7 error(s), 0 warning(s) across 1 survey(s)
[27-Jul-2026 08:57:08][DEBUG   ] [narwc.db.Connection] Fetched 1 rows
  2023 CCS Opportunistic Sightings-NARWC Submission -> INSERT (new)

--- NEAQVesselFormat ---
  Using real raw file: C:\Users\rshomberg\OneDrive - Marine Acoustics\Documents\3ops\2025-NARWCDB\data\surveys\raw\NEAQ & CWI (vessels)\2023\Fundy\2023-08-27-CWI-V.csv
[27-Jul-2026 08:57:08][INFO    ] [narwc.ingestion.SurveyFileWriter] Created: 2023-08-27-CWI-V
[27-Jul-2026 08:57:08][INFO    ] [narwc.ingestion.SurveyFileWriter] Summary written to: C:\Users\rshomberg\AppData\Local\Temp\tp5ed8ba5f_0f8c_4b30_9c33_9af17d8dc8b9\pipeline_diagnostics_pending\NEAQVesselFormat\_split_summary_2026-07-27_08-57-08.log
  [OK] Converted: 1 survey(s), 688 row(s)
[27-Jul-2026 08:57:08][INFO    ] [narwc.validation.SurveyValidator] Starting validation...
[27-Jul-2026 08:57:08][DEBUG   ] [narwc.validation.SurveyValidator] Validating required fields...
[27-Jul-2026 08:57:08][DEBUG   ] [narwc.validation.SurveyValidator] Validating coordinates...
[27-Jul-2026 08:57:08][DEBUG   ] [narwc.validation.SurveyValidator] Validating date/time fields...
[27-Jul-2026 08:57:08][DEBUG   ] [narwc.validation.SurveyValidator] Validating species fields...
[27-Jul-2026 08:57:08][DEBUG   ] [narwc.validation.SurveyValidator] Validating environmental fields...
[27-Jul-2026 08:57:08][DEBUG   ] [narwc.validation.SurveyValidator] Validating Beaufort scale...
[27-Jul-2026 08:57:08][DEBUG   ] [narwc.validation.SurveyValidator] Validating behavioral fields...
[27-Jul-2026 08:57:08][DEBUG   ] [narwc.validation.SurveyValidator] Validating platform field...
[27-Jul-2026 08:57:08][DEBUG   ] [narwc.validation.SurveyValidator] Validating foreign key fields...
[27-Jul-2026 08:57:09][INFO    ] [narwc.validation.SurveyValidator] Validation complete: 6 errors, 0 warnings (0 acknowledged [0 per-row, 0 per-survey], 0 new)
[27-Jul-2026 08:57:09][WARNING ] [narwc.validation.SurveyValidator] Data has validation errors
  2023-08-27-CWI-V     DDSOURCE=NEA    PLATFORM=572   
  Validation: 6 error(s), 0 warning(s) across 1 survey(s)
[27-Jul-2026 08:57:09][DEBUG   ] [narwc.db.Connection] Fetched 1 rows
  2023-08-27-CWI-V     -> INSERT (new)

--- NEAQAerialFormat ---
  Using real raw file: C:\Users\rshomberg\OneDrive - Marine Acoustics\Documents\3ops\2025-NARWCDB\data\surveys\raw\NEAQ Aerial\Wind Energy Area 2024\NEAQ-A-20240112_URI.csv
[27-Jul-2026 08:57:09][INFO    ] [narwc.ingestion.SurveyFileWriter] Created: NEAQ-A-20240112_URI
[27-Jul-2026 08:57:09][INFO    ] [narwc.ingestion.SurveyFileWriter] Summary written to: C:\Users\rshomberg\AppData\Local\Temp\tp5ed8ba5f_0f8c_4b30_9c33_9af17d8dc8b9\pipeline_diagnostics_pending\NEAQAerialFormat\_split_summary_2026-07-27_08-57-09.log
  [OK] Converted: 1 survey(s), 4732 row(s)
[27-Jul-2026 08:57:09][INFO    ] [narwc.validation.SurveyValidator] Starting validation...
[27-Jul-2026 08:57:09][DEBUG   ] [narwc.validation.SurveyValidator] Validating required fields...
[27-Jul-2026 08:57:09][DEBUG   ] [narwc.validation.SurveyValidator] Validating coordinates...
[27-Jul-2026 08:57:09][DEBUG   ] [narwc.validation.SurveyValidator] Validating date/time fields...
[27-Jul-2026 08:57:09][DEBUG   ] [narwc.validation.SurveyValidator] Validating species fields...
[27-Jul-2026 08:57:09][DEBUG   ] [narwc.validation.SurveyValidator] Validating environmental fields...
[27-Jul-2026 08:57:09][DEBUG   ] [narwc.validation.SurveyValidator] Validating Beaufort scale...
[27-Jul-2026 08:57:09][DEBUG   ] [narwc.validation.SurveyValidator] Validating behavioral fields...
[27-Jul-2026 08:57:09][DEBUG   ] [narwc.validation.SurveyValidator] Validating platform field...
[27-Jul-2026 08:57:09][DEBUG   ] [narwc.validation.SurveyValidator] Validating foreign key fields...
[27-Jul-2026 08:57:09][INFO    ] [narwc.validation.SurveyValidator] Validation complete: 6 errors, 0 warnings (0 acknowledged [0 per-row, 0 per-survey], 0 new)
[27-Jul-2026 08:57:09][WARNING ] [narwc.validation.SurveyValidator] Data has validation errors
  NEAQ-A-20240112_URI  DDSOURCE=NEA    PLATFORM=651   
  Validation: 6 error(s), 0 warning(s) across 1 survey(s)
[27-Jul-2026 08:57:09][DEBUG   ] [narwc.db.Connection] Fetched 1 rows
  NEAQ-A-20240112_URI  -> INSERT (new)

[27-Jul-2026 08:57:09][INFO    ] [narwc.db.Connection] Database connection closed
=== Summary ===
Contributor    Parser                     Rows   Errs    Warns   Source  DB status
CCS            CCSAerialFormat            6116      6        0     real  all new (would INSERT)
CCS            CCSVesselFormat            2891      6        0     real  all new (would INSERT)
CCS            CCSOpportunisticFormat       57      7        0     real  all new (would INSERT)
NEAQ & CWI (vessels) NEAQVesselFormat            688      6        0     real  all new (would INSERT)
NEAQ Aerial    NEAQAerialFormat           4732      6        0     real  all new (would INSERT)

Scratch conversion output left at: C:\Users\rshomberg\AppData\Local\Temp\tp5ed8ba5f_0f8c_4b30_9c33_9af17d8dc8b9\pipeline_diagnostics_pending
No database writes were performed. To actually upload, run
  upload_contributor_batch('BatchId', <id>, 'Overwrite', true|false)
and to clean up test uploads afterward, see scripts/sql/curation/delete_survey.sql.
>> 
>> resutls = run_pipeline_diagnostics();
=== NARWC Pipeline Diagnostics (read-only -- no database writes) ===

--- Preflight: database connectivity ---
[27-Jul-2026 09:08:38][INFO    ] [narwc.db.Connection] Connecting to SQLServer database at localhost...
[27-Jul-2026 09:08:41][INFO    ] [narwc.db.Connection] Database connection established
[27-Jul-2026 09:08:42][DEBUG   ] [narwc.db.Connection] Fetched 1 rows
  [OK] Connected. DB-dependent checks (existence lookup) will run.

--- CCSAerialFormat ---
  Using real raw file: C:\Users\rshomberg\OneDrive - Marine Acoustics\Documents\3ops\2025-NARWCDB\data\surveys\raw\CCS\2023 Aerial\CCS1000.csv
[27-Jul-2026 09:08:45][INFO    ] [narwc.ingestion.SurveyFileWriter] Created: CCS1000
[27-Jul-2026 09:08:45][INFO    ] [narwc.ingestion.SurveyFileWriter] Summary written to: C:\Users\rshomberg\AppData\Local\Temp\tp2972eac8_f50f_4b5b_90ea_6da0ada6af34\pipeline_diagnostics_pending\CCSAerialFormat\_split_summary_2026-07-27_09-08-44.log
  [OK] Converted: 1 survey(s), 6116 row(s)
[27-Jul-2026 09:08:46][INFO    ] [narwc.validation.SurveyValidator] Starting validation...
[27-Jul-2026 09:08:46][DEBUG   ] [narwc.validation.SurveyValidator] Validating required fields...
[27-Jul-2026 09:08:46][DEBUG   ] [narwc.validation.SurveyValidator] Validating coordinates...
[27-Jul-2026 09:08:46][DEBUG   ] [narwc.validation.SurveyValidator] Validating date/time fields...
[27-Jul-2026 09:08:46][DEBUG   ] [narwc.validation.SurveyValidator] Validating species fields...
[27-Jul-2026 09:08:47][DEBUG   ] [narwc.validation.SurveyValidator] Validating environmental fields...
[27-Jul-2026 09:08:47][DEBUG   ] [narwc.validation.SurveyValidator] Validating Beaufort scale...
[27-Jul-2026 09:08:47][DEBUG   ] [narwc.validation.SurveyValidator] Validating behavioral fields...
[27-Jul-2026 09:08:47][DEBUG   ] [narwc.validation.SurveyValidator] Validating platform field...
[27-Jul-2026 09:08:48][DEBUG   ] [narwc.validation.SurveyValidator] Validating foreign key fields...
[27-Jul-2026 09:08:48][INFO    ] [narwc.validation.SurveyValidator] Validation complete: 6 errors, 0 warnings (0 acknowledged [0 per-row, 0 per-survey], 0 new)
[27-Jul-2026 09:08:48][WARNING ] [narwc.validation.SurveyValidator] Data has validation errors
    [ERROR] coordinate_rules.lat_missing -- 1 entry, ~6116 row(s) affected -- e.g. field=LAT_DD: Missing latitude value
    [ERROR] coordinate_rules.lon_missing -- 1 entry, ~6116 row(s) affected -- e.g. field=LONG_DD: Missing longitude value
    [ERROR] required_fields.value_missing -- 4 entries, ~24464 row(s) affected -- e.g. field=LAT_DD: Required field LAT_DD cannot be NULL or empty
  CCS1000              DDSOURCE=CCS    PLATFORM=649   
  Validation: 6 error(s), 0 warning(s) across 1 survey(s)
[27-Jul-2026 09:08:49][DEBUG   ] [narwc.db.Connection] Fetched 1 rows
  CCS1000              -> INSERT (new)

--- CCSVesselFormat ---
  Using real raw file: C:\Users\rshomberg\OneDrive - Marine Acoustics\Documents\3ops\2025-NARWCDB\data\surveys\raw\CCS\2023 Vessel\SW1351.csv
[27-Jul-2026 09:08:49][INFO    ] [narwc.ingestion.SurveyFileWriter] Created: SW1351
[27-Jul-2026 09:08:49][INFO    ] [narwc.ingestion.SurveyFileWriter] Summary written to: C:\Users\rshomberg\AppData\Local\Temp\tp2972eac8_f50f_4b5b_90ea_6da0ada6af34\pipeline_diagnostics_pending\CCSVesselFormat\_split_summary_2026-07-27_09-08-49.log
  [OK] Converted: 1 survey(s), 2891 row(s)
[27-Jul-2026 09:08:49][INFO    ] [narwc.validation.SurveyValidator] Starting validation...
[27-Jul-2026 09:08:49][DEBUG   ] [narwc.validation.SurveyValidator] Validating required fields...
[27-Jul-2026 09:08:49][DEBUG   ] [narwc.validation.SurveyValidator] Validating coordinates...
[27-Jul-2026 09:08:49][DEBUG   ] [narwc.validation.SurveyValidator] Validating date/time fields...
[27-Jul-2026 09:08:49][DEBUG   ] [narwc.validation.SurveyValidator] Validating species fields...
[27-Jul-2026 09:08:50][DEBUG   ] [narwc.validation.SurveyValidator] Validating environmental fields...
[27-Jul-2026 09:08:50][DEBUG   ] [narwc.validation.SurveyValidator] Validating Beaufort scale...
[27-Jul-2026 09:08:50][DEBUG   ] [narwc.validation.SurveyValidator] Validating behavioral fields...
[27-Jul-2026 09:08:50][DEBUG   ] [narwc.validation.SurveyValidator] Validating platform field...
[27-Jul-2026 09:08:50][DEBUG   ] [narwc.validation.SurveyValidator] Validating foreign key fields...
[27-Jul-2026 09:08:51][INFO    ] [narwc.validation.SurveyValidator] Validation complete: 6 errors, 0 warnings (0 acknowledged [0 per-row, 0 per-survey], 0 new)
[27-Jul-2026 09:08:51][WARNING ] [narwc.validation.SurveyValidator] Data has validation errors
    [ERROR] coordinate_rules.lat_missing -- 1 entry, ~2891 row(s) affected -- e.g. field=LAT_DD: Missing latitude value
    [ERROR] coordinate_rules.lon_missing -- 1 entry, ~2891 row(s) affected -- e.g. field=LONG_DD: Missing longitude value
    [ERROR] required_fields.value_missing -- 4 entries, ~11564 row(s) affected -- e.g. field=LAT_DD: Required field LAT_DD cannot be NULL or empty
  SW1351               DDSOURCE=CCS    PLATFORM=107   
  Validation: 6 error(s), 0 warning(s) across 1 survey(s)
[27-Jul-2026 09:08:51][DEBUG   ] [narwc.db.Connection] Fetched 1 rows
  SW1351               -> INSERT (new)

--- CCSOpportunisticFormat ---
  Using real raw file: C:\Users\rshomberg\OneDrive - Marine Acoustics\Documents\3ops\2025-NARWCDB\data\surveys\raw\CCS\2023 Opportunistic\2023 CCS Opportunistic Sightings-NARWC Submission.csv
[27-Jul-2026 09:08:51][INFO    ] [narwc.ingestion.SurveyFileWriter] Created: 2023 CCS Opportunistic Sightings-NARWC Submission
[27-Jul-2026 09:08:51][INFO    ] [narwc.ingestion.SurveyFileWriter] Summary written to: C:\Users\rshomberg\AppData\Local\Temp\tp2972eac8_f50f_4b5b_90ea_6da0ada6af34\pipeline_diagnostics_pending\CCSOpportunisticFormat\_split_summary_2026-07-27_09-08-51.log
  [OK] Converted: 1 survey(s), 57 row(s)
[27-Jul-2026 09:08:51][INFO    ] [narwc.validation.SurveyValidator] Starting validation...
[27-Jul-2026 09:08:51][DEBUG   ] [narwc.validation.SurveyValidator] Validating required fields...
[27-Jul-2026 09:08:51][DEBUG   ] [narwc.validation.SurveyValidator] Validating coordinates...
[27-Jul-2026 09:08:51][DEBUG   ] [narwc.validation.SurveyValidator] Validating date/time fields...
[27-Jul-2026 09:08:51][DEBUG   ] [narwc.validation.SurveyValidator] Validating species fields...
[27-Jul-2026 09:08:51][DEBUG   ] [narwc.validation.SurveyValidator] Validating environmental fields...
[27-Jul-2026 09:08:51][DEBUG   ] [narwc.validation.SurveyValidator] Validating Beaufort scale...
[27-Jul-2026 09:08:51][DEBUG   ] [narwc.validation.SurveyValidator] Validating behavioral fields...
[27-Jul-2026 09:08:51][DEBUG   ] [narwc.validation.SurveyValidator] Validating platform field...
[27-Jul-2026 09:08:51][DEBUG   ] [narwc.validation.SurveyValidator] Validating foreign key fields...
[27-Jul-2026 09:08:52][INFO    ] [narwc.validation.SurveyValidator] Validation complete: 7 errors, 0 warnings (0 acknowledged [0 per-row, 0 per-survey], 0 new)
[27-Jul-2026 09:08:52][WARNING ] [narwc.validation.SurveyValidator] Data has validation errors
    [ERROR] coordinate_rules.lat_missing -- 1 entry, ~57 row(s) affected -- e.g. field=LAT_DD: Missing latitude value
    [ERROR] coordinate_rules.lon_missing -- 1 entry, ~57 row(s) affected -- e.g. field=LONG_DD: Missing longitude value
    [ERROR] required_fields.value_missing -- 5 entries, ~285 row(s) affected -- e.g. field=LAT_DD: Required field LAT_DD cannot be NULL or empty
  2023 CCS Opportunistic Sightings-NARWC Submission DDSOURCE=CCS    PLATFORM=NaN   
  Validation: 7 error(s), 0 warning(s) across 1 survey(s)
[27-Jul-2026 09:08:52][DEBUG   ] [narwc.db.Connection] Fetched 1 rows
  2023 CCS Opportunistic Sightings-NARWC Submission -> INSERT (new)

--- NEAQVesselFormat ---
  Using real raw file: C:\Users\rshomberg\OneDrive - Marine Acoustics\Documents\3ops\2025-NARWCDB\data\surveys\raw\NEAQ & CWI (vessels)\2023\Fundy\2023-08-27-CWI-V.csv
[27-Jul-2026 09:08:52][INFO    ] [narwc.ingestion.SurveyFileWriter] Created: 2023-08-27-CWI-V
[27-Jul-2026 09:08:52][INFO    ] [narwc.ingestion.SurveyFileWriter] Summary written to: C:\Users\rshomberg\AppData\Local\Temp\tp2972eac8_f50f_4b5b_90ea_6da0ada6af34\pipeline_diagnostics_pending\NEAQVesselFormat\_split_summary_2026-07-27_09-08-52.log
  [OK] Converted: 1 survey(s), 688 row(s)
[27-Jul-2026 09:08:52][INFO    ] [narwc.validation.SurveyValidator] Starting validation...
[27-Jul-2026 09:08:52][DEBUG   ] [narwc.validation.SurveyValidator] Validating required fields...
[27-Jul-2026 09:08:52][DEBUG   ] [narwc.validation.SurveyValidator] Validating coordinates...
[27-Jul-2026 09:08:53][DEBUG   ] [narwc.validation.SurveyValidator] Validating date/time fields...
[27-Jul-2026 09:08:53][DEBUG   ] [narwc.validation.SurveyValidator] Validating species fields...
[27-Jul-2026 09:08:53][DEBUG   ] [narwc.validation.SurveyValidator] Validating environmental fields...
[27-Jul-2026 09:08:53][DEBUG   ] [narwc.validation.SurveyValidator] Validating Beaufort scale...
[27-Jul-2026 09:08:53][DEBUG   ] [narwc.validation.SurveyValidator] Validating behavioral fields...
[27-Jul-2026 09:08:53][DEBUG   ] [narwc.validation.SurveyValidator] Validating platform field...
[27-Jul-2026 09:08:53][DEBUG   ] [narwc.validation.SurveyValidator] Validating foreign key fields...
[27-Jul-2026 09:08:53][INFO    ] [narwc.validation.SurveyValidator] Validation complete: 6 errors, 0 warnings (0 acknowledged [0 per-row, 0 per-survey], 0 new)
[27-Jul-2026 09:08:53][WARNING ] [narwc.validation.SurveyValidator] Data has validation errors
    [ERROR] coordinate_rules.lat_missing -- 1 entry, ~688 row(s) affected -- e.g. field=LAT_DD: Missing latitude value
    [ERROR] coordinate_rules.lon_missing -- 1 entry, ~688 row(s) affected -- e.g. field=LONG_DD: Missing longitude value
    [ERROR] required_fields.value_missing -- 4 entries, ~2752 row(s) affected -- e.g. field=LAT_DD: Required field LAT_DD cannot be NULL or empty
  2023-08-27-CWI-V     DDSOURCE=NEA    PLATFORM=572   
  Validation: 6 error(s), 0 warning(s) across 1 survey(s)
[27-Jul-2026 09:08:53][DEBUG   ] [narwc.db.Connection] Fetched 1 rows
  2023-08-27-CWI-V     -> INSERT (new)

--- NEAQAerialFormat ---
  Using real raw file: C:\Users\rshomberg\OneDrive - Marine Acoustics\Documents\3ops\2025-NARWCDB\data\surveys\raw\NEAQ Aerial\Wind Energy Area 2024\NEAQ-A-20240112_URI.csv
[27-Jul-2026 09:08:54][INFO    ] [narwc.ingestion.SurveyFileWriter] Created: NEAQ-A-20240112_URI
[27-Jul-2026 09:08:54][INFO    ] [narwc.ingestion.SurveyFileWriter] Summary written to: C:\Users\rshomberg\AppData\Local\Temp\tp2972eac8_f50f_4b5b_90ea_6da0ada6af34\pipeline_diagnostics_pending\NEAQAerialFormat\_split_summary_2026-07-27_09-08-53.log
  [OK] Converted: 1 survey(s), 4732 row(s)
[27-Jul-2026 09:08:54][INFO    ] [narwc.validation.SurveyValidator] Starting validation...
[27-Jul-2026 09:08:54][DEBUG   ] [narwc.validation.SurveyValidator] Validating required fields...
[27-Jul-2026 09:08:54][DEBUG   ] [narwc.validation.SurveyValidator] Validating coordinates...
[27-Jul-2026 09:08:54][DEBUG   ] [narwc.validation.SurveyValidator] Validating date/time fields...
[27-Jul-2026 09:08:54][DEBUG   ] [narwc.validation.SurveyValidator] Validating species fields...
[27-Jul-2026 09:08:54][DEBUG   ] [narwc.validation.SurveyValidator] Validating environmental fields...
[27-Jul-2026 09:08:54][DEBUG   ] [narwc.validation.SurveyValidator] Validating Beaufort scale...
[27-Jul-2026 09:08:54][DEBUG   ] [narwc.validation.SurveyValidator] Validating behavioral fields...
[27-Jul-2026 09:08:54][DEBUG   ] [narwc.validation.SurveyValidator] Validating platform field...
[27-Jul-2026 09:08:55][DEBUG   ] [narwc.validation.SurveyValidator] Validating foreign key fields...
[27-Jul-2026 09:08:55][INFO    ] [narwc.validation.SurveyValidator] Validation complete: 6 errors, 0 warnings (0 acknowledged [0 per-row, 0 per-survey], 0 new)
[27-Jul-2026 09:08:55][WARNING ] [narwc.validation.SurveyValidator] Data has validation errors
    [ERROR] coordinate_rules.lat_missing -- 1 entry, ~4732 row(s) affected -- e.g. field=LAT_DD: Missing latitude value
    [ERROR] coordinate_rules.lon_missing -- 1 entry, ~4732 row(s) affected -- e.g. field=LONG_DD: Missing longitude value
    [ERROR] required_fields.value_missing -- 4 entries, ~18928 row(s) affected -- e.g. field=LAT_DD: Required field LAT_DD cannot be NULL or empty
  NEAQ-A-20240112_URI  DDSOURCE=NEA    PLATFORM=651   
  Validation: 6 error(s), 0 warning(s) across 1 survey(s)
[27-Jul-2026 09:08:55][DEBUG   ] [narwc.db.Connection] Fetched 1 rows
  NEAQ-A-20240112_URI  -> INSERT (new)

[27-Jul-2026 09:08:55][INFO    ] [narwc.db.Connection] Database connection closed
=== Summary ===
Contributor    Parser                     Rows   Errs    Warns   Source  DB status
CCS            CCSAerialFormat            6116      6        0     real  all new (would INSERT)
CCS            CCSVesselFormat            2891      6        0     real  all new (would INSERT)
CCS            CCSOpportunisticFormat       57      7        0     real  all new (would INSERT)
NEAQ & CWI (vessels) NEAQVesselFormat            688      6        0     real  all new (would INSERT)
NEAQ Aerial    NEAQAerialFormat           4732      6        0     real  all new (would INSERT)

Scratch conversion output left at: C:\Users\rshomberg\AppData\Local\Temp\tp2972eac8_f50f_4b5b_90ea_6da0ada6af34\pipeline_diagnostics_pending
No database writes were performed. To actually upload, run
  upload_contributor_batch('BatchId', <id>, 'Overwrite', true|false)
and to clean up test uploads afterward, see scripts/sql/curation/delete_survey.sql.
>> parser = narwc.io.parsers.ParserFactory.createByName('CCSAerialFormat');
>> [data,meta] = parser.parse('data/survey/raw/CCS/2023 Aerial/CCS1000.csv');
Error using narwc.io.parsers.CCSAerialFormat.parse
File not found: data/survey/raw/CCS/2023 Aerial/CCS1000.csv

>> [data,meta] = parser.parse('data\surveys\raw\CCS\2023 Aerial\CCS1000.csv');
>> class(data.LAT_DD)

ans =

    'double'

>> data.LAT_DD(1:5)

ans =

   NaN
   NaN
   NaN
   NaN
   NaN

>> data.YEAR(1:5)

ans =

   NaN
   NaN
   NaN
   NaN
   NaN

>> head(data)
    ALT    EVENTNO    LAT_DD    LONG_DD    MONTH    TIME    YEAR    DAY    SURFTEMP    ANHEAD    BEHAV1    BEHAV2    BEHAV3    BEHAV4    BEHAV5    BEHAV6    BEHAV7    BEHAV8    BEHAV9    BEHAV10    BEHAV11    BEHAV12    BEHAV13    BEHAV14    BEHAV15    CONFIDNC    IDREL    NUMBER    NUMCALF    PHOTOS    SIGHTNO     SPECCODE     STRIP    S_LAT    S_LONG    S_TIME    TAXCODE    PLATFORM      BLOCK        DDSOURCE      FILEID       IDSOURCE      STRATUM      LEGNO    BEAUFORT    CLOUD    GLAREL    GLARER    HEADING    LEGSTAGE    LEGTYPE    VISIBLTY        WX        ANGLEL    ANGLER
    ___    _______    ______    _______    _____    ____    ____    ___    ________    ______    ______    ______    ______    ______    ______    ______    ______    ______    ______    _______    _______    _______    _______    _______    _______    ________    _____    ______    _______    ______    _______    __________    _____    _____    ______    ______    _______    ________    __________    __________    _________    __________    __________    _____    ________    _____    ______    ______    _______    ________    _______    ________    __________    ______    ______

    NaN      NaN       NaN        NaN       NaN     NaN     NaN     NaN      NaN        NaN       NaN       NaN       NaN       NaN       NaN       NaN       NaN       NaN       NaN        NaN        NaN        NaN        NaN        NaN        NaN        NaN        NaN      NaN        NaN       NaN        NaN      {0x0 char}     NaN      NaN      NaN       NaN        NaN        NaN       {0x0 char}    {0x0 char}    "CCS1000"    {0x0 char}    {0x0 char}     NaN       NaN        NaN      NaN       NaN        NaN        NaN         NaN        NaN       {0x0 char}     NaN       NaN  
    NaN      NaN       NaN        NaN       NaN     NaN     NaN     NaN      NaN        NaN       NaN       NaN       NaN       NaN       NaN       NaN       NaN       NaN       NaN        NaN        NaN        NaN        NaN        NaN        NaN        NaN        NaN      NaN        NaN       NaN        NaN      {0x0 char}     NaN      NaN      NaN       NaN        NaN        NaN       {0x0 char}    {0x0 char}    "CCS1000"    {0x0 char}    {0x0 char}     NaN       NaN        NaN      NaN       NaN        NaN        NaN         NaN        NaN       {0x0 char}     NaN       NaN  
    NaN      NaN       NaN        NaN       NaN     NaN     NaN     NaN      NaN        NaN       NaN       NaN       NaN       NaN       NaN       NaN       NaN       NaN       NaN        NaN        NaN        NaN        NaN        NaN        NaN        NaN        NaN      NaN        NaN       NaN        NaN      {0x0 char}     NaN      NaN      NaN       NaN        NaN        NaN       {0x0 char}    {0x0 char}    "CCS1000"    {0x0 char}    {0x0 char}     NaN       NaN        NaN      NaN       NaN        NaN        NaN         NaN        NaN       {0x0 char}     NaN       NaN  
    NaN      NaN       NaN        NaN       NaN     NaN     NaN     NaN      NaN        NaN       NaN       NaN       NaN       NaN       NaN       NaN       NaN       NaN       NaN        NaN        NaN        NaN        NaN        NaN        NaN        NaN        NaN      NaN        NaN       NaN        NaN      {0x0 char}     NaN      NaN      NaN       NaN        NaN        NaN       {0x0 char}    {0x0 char}    "CCS1000"    {0x0 char}    {0x0 char}     NaN       NaN        NaN      NaN       NaN        NaN        NaN         NaN        NaN       {0x0 char}     NaN       NaN  
    NaN      NaN       NaN        NaN       NaN     NaN     NaN     NaN      NaN        NaN       NaN       NaN       NaN       NaN       NaN       NaN       NaN       NaN       NaN        NaN        NaN        NaN        NaN        NaN        NaN        NaN        NaN      NaN        NaN       NaN        NaN      {0x0 char}     NaN      NaN      NaN       NaN        NaN        NaN       {0x0 char}    {0x0 char}    "CCS1000"    {0x0 char}    {0x0 char}     NaN       NaN        NaN      NaN       NaN        NaN        NaN         NaN        NaN       {0x0 char}     NaN       NaN  
    NaN      NaN       NaN        NaN       NaN     NaN     NaN     NaN      NaN        NaN       NaN       NaN       NaN       NaN       NaN       NaN       NaN       NaN       NaN        NaN        NaN        NaN        NaN        NaN        NaN        NaN        NaN      NaN        NaN       NaN        NaN      {0x0 char}     NaN      NaN      NaN       NaN        NaN        NaN       {0x0 char}    {0x0 char}    "CCS1000"    {0x0 char}    {0x0 char}     NaN       NaN        NaN      NaN       NaN        NaN        NaN         NaN        NaN       {0x0 char}     NaN       NaN  
    NaN      NaN       NaN        NaN       NaN     NaN     NaN     NaN      NaN        NaN       NaN       NaN       NaN       NaN       NaN       NaN       NaN       NaN       NaN        NaN        NaN        NaN        NaN        NaN        NaN        NaN        NaN      NaN        NaN       NaN        NaN      {0x0 char}     NaN      NaN      NaN       NaN        NaN        NaN       {0x0 char}    {0x0 char}    "CCS1000"    {0x0 char}    {0x0 char}     NaN       NaN        NaN      NaN       NaN        NaN        NaN         NaN        NaN       {0x0 char}     NaN       NaN  
    NaN      NaN       NaN        NaN       NaN     NaN     NaN     NaN      NaN        NaN       NaN       NaN       NaN       NaN       NaN       NaN       NaN       NaN       NaN        NaN        NaN        NaN        NaN        NaN        NaN        NaN        NaN      NaN        NaN       NaN        NaN      {0x0 char}     NaN      NaN      NaN       NaN        NaN        NaN       {0x0 char}    {0x0 char}    "CCS1000"    {0x0 char}    {0x0 char}     NaN       NaN        NaN      NaN       NaN        NaN        NaN         NaN        NaN       {0x0 char}     NaN       NaN  

>> 
>> clear classes
>> results = run_pipeline_diagnostics();
=== NARWC Pipeline Diagnostics (read-only -- no database writes) ===

--- Preflight: database connectivity ---
[27-Jul-2026 09:24:13][INFO    ] [narwc.db.Connection] Connecting to SQLServer database at localhost...
[27-Jul-2026 09:24:17][INFO    ] [narwc.db.Connection] Database connection established
[27-Jul-2026 09:24:17][DEBUG   ] [narwc.db.Connection] Fetched 1 rows
  [OK] Connected. DB-dependent checks (existence lookup) will run.

--- CCSAerialFormat ---
  Using real raw file: C:\Users\rshomberg\OneDrive - Marine Acoustics\Documents\3ops\2025-NARWCDB\data\surveys\raw\CCS\2023 Aerial\CCS1000.csv
[27-Jul-2026 09:24:19][INFO    ] [narwc.ingestion.SurveyFileWriter] Created: CCS1000
[27-Jul-2026 09:24:19][INFO    ] [narwc.ingestion.SurveyFileWriter] Summary written to: C:\Users\rshomberg\AppData\Local\Temp\tp7ef4fd64_946f_4599_8fa2_908913d44a22\pipeline_diagnostics_pending\CCSAerialFormat\_split_summary_2026-07-27_09-24-18.log
  [OK] Converted: 1 survey(s), 6116 row(s)
[27-Jul-2026 09:24:19][INFO    ] [narwc.validation.SurveyValidator] Starting validation...
[27-Jul-2026 09:24:19][DEBUG   ] [narwc.validation.SurveyValidator] Validating required fields...
[27-Jul-2026 09:24:20][DEBUG   ] [narwc.validation.SurveyValidator] Validating coordinates...
[27-Jul-2026 09:24:20][DEBUG   ] [narwc.validation.SurveyValidator] Validating date/time fields...
[27-Jul-2026 09:24:20][DEBUG   ] [narwc.validation.SurveyValidator] Validating species fields...
[27-Jul-2026 09:24:22][DEBUG   ] [narwc.validation.SurveyValidator] Validating environmental fields...
[27-Jul-2026 09:24:22][DEBUG   ] [narwc.validation.SurveyValidator] Validating Beaufort scale...
[27-Jul-2026 09:24:22][DEBUG   ] [narwc.validation.SurveyValidator] Validating behavioral fields...
[27-Jul-2026 09:24:22][DEBUG   ] [narwc.validation.SurveyValidator] Validating platform field...
[27-Jul-2026 09:24:22][DEBUG   ] [narwc.validation.SurveyValidator] Validating foreign key fields...
[27-Jul-2026 09:24:23][INFO    ] [narwc.validation.SurveyValidator] Validation complete: 520 errors, 2 warnings (0 acknowledged [0 per-row, 0 per-survey], 2 new)
[27-Jul-2026 09:24:23][WARNING ] [narwc.validation.SurveyValidator] Data has validation errors
    [ERROR] foreign_key_rules.glarel_invalid -- 1 entry, ~5 row(s) affected -- e.g. field=GLAREL: GLAREL contains invalid value(s) not in GLARE lookup table: 9 (+127 more rows)
    [ERROR] foreign_key_rules.glarer_invalid -- 1 entry, ~5 row(s) affected -- e.g. field=GLARER: GLARER contains invalid value(s) not in GLARE lookup table: 9 (+127 more rows)
    [ERROR] species_rules.speccode_missing_for_sighting -- 211 entries, ~211 row(s) affected -- e.g. field=SPECCODE: SPECCODE is required for sighting records
    [ERROR] species_rules.taxcode_missing_for_sighting -- 307 entries, ~307 row(s) affected -- e.g. field=TAXCODE: TAXCODE is required for sighting records
    [WARNING] required_fields.forbidden_on_non_sighting -- 1 entry, ~211 row(s) affected -- e.g. field=SIGHTNO: SIGHTNO must be blank on non-sighting records (no SPECCODE)
    [WARNING] species_rules.numcalf_exceeds_half -- 1 entry, ~1 row(s) affected -- e.g. field=NUMCALF: NUMCALF (1) is more than half of NUMBER (1) - verify count
  CCS1000              DDSOURCE=CCS    PLATFORM=649   
  Validation: 520 error(s), 2 warning(s) across 1 survey(s)
[27-Jul-2026 09:24:23][DEBUG   ] [narwc.db.Connection] Fetched 1 rows
  CCS1000              -> INSERT (new)

--- CCSVesselFormat ---
  Using real raw file: C:\Users\rshomberg\OneDrive - Marine Acoustics\Documents\3ops\2025-NARWCDB\data\surveys\raw\CCS\2023 Vessel\SW1351.csv
[27-Jul-2026 09:24:24][INFO    ] [narwc.ingestion.SurveyFileWriter] Created: SW1351
[27-Jul-2026 09:24:24][INFO    ] [narwc.ingestion.SurveyFileWriter] Summary written to: C:\Users\rshomberg\AppData\Local\Temp\tp7ef4fd64_946f_4599_8fa2_908913d44a22\pipeline_diagnostics_pending\CCSVesselFormat\_split_summary_2026-07-27_09-24-24.log
  [OK] Converted: 1 survey(s), 2891 row(s)
[27-Jul-2026 09:24:25][INFO    ] [narwc.validation.SurveyValidator] Starting validation...
[27-Jul-2026 09:24:25][DEBUG   ] [narwc.validation.SurveyValidator] Validating required fields...
[27-Jul-2026 09:24:25][DEBUG   ] [narwc.validation.SurveyValidator] Validating coordinates...
[27-Jul-2026 09:24:25][DEBUG   ] [narwc.validation.SurveyValidator] Validating date/time fields...
[27-Jul-2026 09:24:25][DEBUG   ] [narwc.validation.SurveyValidator] Validating species fields...
[27-Jul-2026 09:24:25][DEBUG   ] [narwc.validation.SurveyValidator] Validating environmental fields...
[27-Jul-2026 09:24:25][DEBUG   ] [narwc.validation.SurveyValidator] Validating Beaufort scale...
[27-Jul-2026 09:24:25][DEBUG   ] [narwc.validation.SurveyValidator] Validating behavioral fields...
[27-Jul-2026 09:24:25][DEBUG   ] [narwc.validation.SurveyValidator] Validating platform field...
[27-Jul-2026 09:24:25][DEBUG   ] [narwc.validation.SurveyValidator] Validating foreign key fields...
[27-Jul-2026 09:24:26][INFO    ] [narwc.validation.SurveyValidator] Validation complete: 110 errors, 2892 warnings (0 acknowledged [0 per-row, 0 per-survey], 2892 new)
[27-Jul-2026 09:24:26][WARNING ] [narwc.validation.SurveyValidator] Data has validation errors
    [ERROR] datetime_rules.year_out_of_range -- 1 entry, ~2891 row(s) affected -- e.g. field=YEAR: YEAR outside valid range [1900, 2027]
    [ERROR] species_rules.speccode_missing_for_sighting -- 37 entries, ~37 row(s) affected -- e.g. field=SPECCODE: SPECCODE is required for sighting records
    [ERROR] species_rules.taxcode_missing_for_sighting -- 72 entries, ~72 row(s) affected -- e.g. field=TAXCODE: TAXCODE is required for sighting records
    [WARNING] datetime_rules.year_too_old -- 2891 entries, ~2891 row(s) affected -- e.g. field=YEAR: YEAR before 1980 - verify data quality
    [WARNING] required_fields.forbidden_on_non_sighting -- 1 entry, ~37 row(s) affected -- e.g. field=SIGHTNO: SIGHTNO must be blank on non-sighting records (no SPECCODE)
  SW1351               DDSOURCE=CCS    PLATFORM=107   
  Validation: 110 error(s), 2892 warning(s) across 1 survey(s)
[27-Jul-2026 09:24:26][DEBUG   ] [narwc.db.Connection] Fetched 1 rows
  SW1351               -> INSERT (new)

--- CCSOpportunisticFormat ---
  Using real raw file: C:\Users\rshomberg\OneDrive - Marine Acoustics\Documents\3ops\2025-NARWCDB\data\surveys\raw\CCS\2023 Opportunistic\2023 CCS Opportunistic Sightings-NARWC Submission.csv
[27-Jul-2026 09:24:26][INFO    ] [narwc.ingestion.SurveyFileWriter] Created: IB919
[27-Jul-2026 09:24:27][INFO    ] [narwc.ingestion.SurveyFileWriter] Created: IB920
[27-Jul-2026 09:24:27][INFO    ] [narwc.ingestion.SurveyFileWriter] Created: IB921
[27-Jul-2026 09:24:27][INFO    ] [narwc.ingestion.SurveyFileWriter] Created: IB922
[27-Jul-2026 09:24:27][INFO    ] [narwc.ingestion.SurveyFileWriter] Created: IB923
[27-Jul-2026 09:24:27][INFO    ] [narwc.ingestion.SurveyFileWriter] Created: IB924
[27-Jul-2026 09:24:27][INFO    ] [narwc.ingestion.SurveyFileWriter] Created: IB925
[27-Jul-2026 09:24:27][INFO    ] [narwc.ingestion.SurveyFileWriter] Created: IB926
[27-Jul-2026 09:24:27][INFO    ] [narwc.ingestion.SurveyFileWriter] Created: SW1354
[27-Jul-2026 09:24:27][INFO    ] [narwc.ingestion.SurveyFileWriter] Created: SW1356
[27-Jul-2026 09:24:27][INFO    ] [narwc.ingestion.SurveyFileWriter] Created: SW1358
[27-Jul-2026 09:24:27][INFO    ] [narwc.ingestion.SurveyFileWriter] Created: SW1365
[27-Jul-2026 09:24:27][INFO    ] [narwc.ingestion.SurveyFileWriter] Summary written to: C:\Users\rshomberg\AppData\Local\Temp\tp7ef4fd64_946f_4599_8fa2_908913d44a22\pipeline_diagnostics_pending\CCSOpportunisticFormat\_split_summary_2026-07-27_09-24-26.log
  [OK] Converted: 12 survey(s), 57 row(s)
[27-Jul-2026 09:24:27][INFO    ] [narwc.validation.SurveyValidator] Starting validation...
[27-Jul-2026 09:24:27][DEBUG   ] [narwc.validation.SurveyValidator] Validating required fields...
[27-Jul-2026 09:24:27][DEBUG   ] [narwc.validation.SurveyValidator] Validating coordinates...
[27-Jul-2026 09:24:27][DEBUG   ] [narwc.validation.SurveyValidator] Validating date/time fields...
[27-Jul-2026 09:24:27][DEBUG   ] [narwc.validation.SurveyValidator] Validating species fields...
[27-Jul-2026 09:24:27][DEBUG   ] [narwc.validation.SurveyValidator] Validating environmental fields...
[27-Jul-2026 09:24:27][DEBUG   ] [narwc.validation.SurveyValidator] Validating Beaufort scale...
[27-Jul-2026 09:24:27][DEBUG   ] [narwc.validation.SurveyValidator] Validating behavioral fields...
[27-Jul-2026 09:24:27][DEBUG   ] [narwc.validation.SurveyValidator] Validating platform field...
[27-Jul-2026 09:24:27][DEBUG   ] [narwc.validation.SurveyValidator] Validating foreign key fields...
[27-Jul-2026 09:24:27][INFO    ] [narwc.validation.SurveyValidator] Validation complete: 4 errors, 3 warnings (0 acknowledged [0 per-row, 0 per-survey], 3 new)
[27-Jul-2026 09:24:27][WARNING ] [narwc.validation.SurveyValidator] Data has validation errors
    [ERROR] datetime_rules.year_out_of_range -- 1 entry, ~3 row(s) affected -- e.g. field=YEAR: YEAR outside valid range [1900, 2027]
    [ERROR] species_rules.taxcode_missing_for_sighting -- 3 entries, ~3 row(s) affected -- e.g. field=TAXCODE: TAXCODE is required for sighting records
    [WARNING] datetime_rules.year_too_old -- 3 entries, ~3 row(s) affected -- e.g. field=YEAR: YEAR before 1980 - verify data quality
  IB919                DDSOURCE=CCS    PLATFORM=120   
[27-Jul-2026 09:24:28][INFO    ] [narwc.validation.SurveyValidator] Starting validation...
[27-Jul-2026 09:24:28][DEBUG   ] [narwc.validation.SurveyValidator] Validating required fields...
[27-Jul-2026 09:24:28][DEBUG   ] [narwc.validation.SurveyValidator] Validating coordinates...
[27-Jul-2026 09:24:28][DEBUG   ] [narwc.validation.SurveyValidator] Validating date/time fields...
[27-Jul-2026 09:24:28][DEBUG   ] [narwc.validation.SurveyValidator] Validating species fields...
[27-Jul-2026 09:24:28][DEBUG   ] [narwc.validation.SurveyValidator] Validating environmental fields...
[27-Jul-2026 09:24:28][DEBUG   ] [narwc.validation.SurveyValidator] Validating Beaufort scale...
[27-Jul-2026 09:24:28][DEBUG   ] [narwc.validation.SurveyValidator] Validating behavioral fields...
[27-Jul-2026 09:24:28][DEBUG   ] [narwc.validation.SurveyValidator] Validating platform field...
[27-Jul-2026 09:24:28][DEBUG   ] [narwc.validation.SurveyValidator] Validating foreign key fields...
[27-Jul-2026 09:24:28][INFO    ] [narwc.validation.SurveyValidator] Validation complete: 2 errors, 1 warnings (0 acknowledged [0 per-row, 0 per-survey], 1 new)
[27-Jul-2026 09:24:28][WARNING ] [narwc.validation.SurveyValidator] Data has validation errors
    [ERROR] datetime_rules.year_out_of_range -- 1 entry, ~1 row(s) affected -- e.g. field=YEAR: YEAR outside valid range [1900, 2027]
    [ERROR] species_rules.taxcode_missing_for_sighting -- 1 entry, ~1 row(s) affected -- e.g. field=TAXCODE: TAXCODE is required for sighting records
    [WARNING] datetime_rules.year_too_old -- 1 entry, ~1 row(s) affected -- e.g. field=YEAR: YEAR before 1980 - verify data quality
  IB920                DDSOURCE=CCS    PLATFORM=120   
[27-Jul-2026 09:24:28][INFO    ] [narwc.validation.SurveyValidator] Starting validation...
[27-Jul-2026 09:24:28][DEBUG   ] [narwc.validation.SurveyValidator] Validating required fields...
[27-Jul-2026 09:24:28][DEBUG   ] [narwc.validation.SurveyValidator] Validating coordinates...
[27-Jul-2026 09:24:28][DEBUG   ] [narwc.validation.SurveyValidator] Validating date/time fields...
[27-Jul-2026 09:24:28][DEBUG   ] [narwc.validation.SurveyValidator] Validating species fields...
[27-Jul-2026 09:24:29][DEBUG   ] [narwc.validation.SurveyValidator] Validating environmental fields...
[27-Jul-2026 09:24:29][DEBUG   ] [narwc.validation.SurveyValidator] Validating Beaufort scale...
[27-Jul-2026 09:24:29][DEBUG   ] [narwc.validation.SurveyValidator] Validating behavioral fields...
[27-Jul-2026 09:24:29][DEBUG   ] [narwc.validation.SurveyValidator] Validating platform field...
[27-Jul-2026 09:24:29][DEBUG   ] [narwc.validation.SurveyValidator] Validating foreign key fields...
[27-Jul-2026 09:24:29][INFO    ] [narwc.validation.SurveyValidator] Validation complete: 16 errors, 15 warnings (0 acknowledged [0 per-row, 0 per-survey], 15 new)
[27-Jul-2026 09:24:29][WARNING ] [narwc.validation.SurveyValidator] Data has validation errors
    [ERROR] datetime_rules.year_out_of_range -- 1 entry, ~15 row(s) affected -- e.g. field=YEAR: YEAR outside valid range [1900, 2027]
    [ERROR] species_rules.taxcode_missing_for_sighting -- 15 entries, ~15 row(s) affected -- e.g. field=TAXCODE: TAXCODE is required for sighting records
    [WARNING] datetime_rules.year_too_old -- 15 entries, ~15 row(s) affected -- e.g. field=YEAR: YEAR before 1980 - verify data quality
  IB921                DDSOURCE=CCS    PLATFORM=120   
[27-Jul-2026 09:24:30][INFO    ] [narwc.validation.SurveyValidator] Starting validation...
[27-Jul-2026 09:24:30][DEBUG   ] [narwc.validation.SurveyValidator] Validating required fields...
[27-Jul-2026 09:24:30][DEBUG   ] [narwc.validation.SurveyValidator] Validating coordinates...
[27-Jul-2026 09:24:30][DEBUG   ] [narwc.validation.SurveyValidator] Validating date/time fields...
[27-Jul-2026 09:24:30][DEBUG   ] [narwc.validation.SurveyValidator] Validating species fields...
[27-Jul-2026 09:24:30][DEBUG   ] [narwc.validation.SurveyValidator] Validating environmental fields...
[27-Jul-2026 09:24:30][DEBUG   ] [narwc.validation.SurveyValidator] Validating Beaufort scale...
[27-Jul-2026 09:24:30][DEBUG   ] [narwc.validation.SurveyValidator] Validating behavioral fields...
[27-Jul-2026 09:24:30][DEBUG   ] [narwc.validation.SurveyValidator] Validating platform field...
[27-Jul-2026 09:24:30][DEBUG   ] [narwc.validation.SurveyValidator] Validating foreign key fields...
[27-Jul-2026 09:24:30][INFO    ] [narwc.validation.SurveyValidator] Validation complete: 4 errors, 3 warnings (0 acknowledged [0 per-row, 0 per-survey], 3 new)
[27-Jul-2026 09:24:30][WARNING ] [narwc.validation.SurveyValidator] Data has validation errors
    [ERROR] datetime_rules.year_out_of_range -- 1 entry, ~3 row(s) affected -- e.g. field=YEAR: YEAR outside valid range [1900, 2027]
    [ERROR] species_rules.taxcode_missing_for_sighting -- 3 entries, ~3 row(s) affected -- e.g. field=TAXCODE: TAXCODE is required for sighting records
    [WARNING] datetime_rules.year_too_old -- 3 entries, ~3 row(s) affected -- e.g. field=YEAR: YEAR before 1980 - verify data quality
  IB922                DDSOURCE=CCS    PLATFORM=120   
[27-Jul-2026 09:24:30][INFO    ] [narwc.validation.SurveyValidator] Starting validation...
[27-Jul-2026 09:24:30][DEBUG   ] [narwc.validation.SurveyValidator] Validating required fields...
[27-Jul-2026 09:24:30][DEBUG   ] [narwc.validation.SurveyValidator] Validating coordinates...
[27-Jul-2026 09:24:30][DEBUG   ] [narwc.validation.SurveyValidator] Validating date/time fields...
[27-Jul-2026 09:24:30][DEBUG   ] [narwc.validation.SurveyValidator] Validating species fields...
[27-Jul-2026 09:24:30][DEBUG   ] [narwc.validation.SurveyValidator] Validating environmental fields...
[27-Jul-2026 09:24:30][DEBUG   ] [narwc.validation.SurveyValidator] Validating Beaufort scale...
[27-Jul-2026 09:24:30][DEBUG   ] [narwc.validation.SurveyValidator] Validating behavioral fields...
[27-Jul-2026 09:24:31][DEBUG   ] [narwc.validation.SurveyValidator] Validating platform field...
[27-Jul-2026 09:24:31][DEBUG   ] [narwc.validation.SurveyValidator] Validating foreign key fields...
[27-Jul-2026 09:24:31][INFO    ] [narwc.validation.SurveyValidator] Validation complete: 8 errors, 7 warnings (0 acknowledged [0 per-row, 0 per-survey], 7 new)
[27-Jul-2026 09:24:31][WARNING ] [narwc.validation.SurveyValidator] Data has validation errors
    [ERROR] datetime_rules.year_out_of_range -- 1 entry, ~7 row(s) affected -- e.g. field=YEAR: YEAR outside valid range [1900, 2027]
    [ERROR] species_rules.taxcode_missing_for_sighting -- 7 entries, ~7 row(s) affected -- e.g. field=TAXCODE: TAXCODE is required for sighting records
    [WARNING] datetime_rules.year_too_old -- 7 entries, ~7 row(s) affected -- e.g. field=YEAR: YEAR before 1980 - verify data quality
  IB923                DDSOURCE=CCS    PLATFORM=120   
[27-Jul-2026 09:24:31][INFO    ] [narwc.validation.SurveyValidator] Starting validation...
[27-Jul-2026 09:24:31][DEBUG   ] [narwc.validation.SurveyValidator] Validating required fields...
[27-Jul-2026 09:24:31][DEBUG   ] [narwc.validation.SurveyValidator] Validating coordinates...
[27-Jul-2026 09:24:31][DEBUG   ] [narwc.validation.SurveyValidator] Validating date/time fields...
[27-Jul-2026 09:24:31][DEBUG   ] [narwc.validation.SurveyValidator] Validating species fields...
[27-Jul-2026 09:24:31][DEBUG   ] [narwc.validation.SurveyValidator] Validating environmental fields...
[27-Jul-2026 09:24:31][DEBUG   ] [narwc.validation.SurveyValidator] Validating Beaufort scale...
[27-Jul-2026 09:24:31][DEBUG   ] [narwc.validation.SurveyValidator] Validating behavioral fields...
[27-Jul-2026 09:24:31][DEBUG   ] [narwc.validation.SurveyValidator] Validating platform field...
[27-Jul-2026 09:24:31][DEBUG   ] [narwc.validation.SurveyValidator] Validating foreign key fields...
[27-Jul-2026 09:24:32][INFO    ] [narwc.validation.SurveyValidator] Validation complete: 4 errors, 3 warnings (0 acknowledged [0 per-row, 0 per-survey], 3 new)
[27-Jul-2026 09:24:32][WARNING ] [narwc.validation.SurveyValidator] Data has validation errors
    [ERROR] datetime_rules.year_out_of_range -- 1 entry, ~3 row(s) affected -- e.g. field=YEAR: YEAR outside valid range [1900, 2027]
    [ERROR] species_rules.taxcode_missing_for_sighting -- 3 entries, ~3 row(s) affected -- e.g. field=TAXCODE: TAXCODE is required for sighting records
    [WARNING] datetime_rules.year_too_old -- 3 entries, ~3 row(s) affected -- e.g. field=YEAR: YEAR before 1980 - verify data quality
  IB924                DDSOURCE=CCS    PLATFORM=120   
[27-Jul-2026 09:24:32][INFO    ] [narwc.validation.SurveyValidator] Starting validation...
[27-Jul-2026 09:24:32][DEBUG   ] [narwc.validation.SurveyValidator] Validating required fields...
[27-Jul-2026 09:24:32][DEBUG   ] [narwc.validation.SurveyValidator] Validating coordinates...
[27-Jul-2026 09:24:32][DEBUG   ] [narwc.validation.SurveyValidator] Validating date/time fields...
[27-Jul-2026 09:24:32][DEBUG   ] [narwc.validation.SurveyValidator] Validating species fields...
[27-Jul-2026 09:24:32][DEBUG   ] [narwc.validation.SurveyValidator] Validating environmental fields...
[27-Jul-2026 09:24:32][DEBUG   ] [narwc.validation.SurveyValidator] Validating Beaufort scale...
[27-Jul-2026 09:24:32][DEBUG   ] [narwc.validation.SurveyValidator] Validating behavioral fields...
[27-Jul-2026 09:24:32][DEBUG   ] [narwc.validation.SurveyValidator] Validating platform field...
[27-Jul-2026 09:24:32][DEBUG   ] [narwc.validation.SurveyValidator] Validating foreign key fields...
[27-Jul-2026 09:24:32][INFO    ] [narwc.validation.SurveyValidator] Validation complete: 6 errors, 5 warnings (0 acknowledged [0 per-row, 0 per-survey], 5 new)
[27-Jul-2026 09:24:32][WARNING ] [narwc.validation.SurveyValidator] Data has validation errors
    [ERROR] datetime_rules.year_out_of_range -- 1 entry, ~5 row(s) affected -- e.g. field=YEAR: YEAR outside valid range [1900, 2027]
    [ERROR] species_rules.taxcode_missing_for_sighting -- 5 entries, ~5 row(s) affected -- e.g. field=TAXCODE: TAXCODE is required for sighting records
    [WARNING] datetime_rules.year_too_old -- 5 entries, ~5 row(s) affected -- e.g. field=YEAR: YEAR before 1980 - verify data quality
  IB925                DDSOURCE=CCS    PLATFORM=120   
[27-Jul-2026 09:24:33][INFO    ] [narwc.validation.SurveyValidator] Starting validation...
[27-Jul-2026 09:24:33][DEBUG   ] [narwc.validation.SurveyValidator] Validating required fields...
[27-Jul-2026 09:24:33][DEBUG   ] [narwc.validation.SurveyValidator] Validating coordinates...
[27-Jul-2026 09:24:33][DEBUG   ] [narwc.validation.SurveyValidator] Validating date/time fields...
[27-Jul-2026 09:24:33][DEBUG   ] [narwc.validation.SurveyValidator] Validating species fields...
[27-Jul-2026 09:24:33][DEBUG   ] [narwc.validation.SurveyValidator] Validating environmental fields...
[27-Jul-2026 09:24:33][DEBUG   ] [narwc.validation.SurveyValidator] Validating Beaufort scale...
[27-Jul-2026 09:24:33][DEBUG   ] [narwc.validation.SurveyValidator] Validating behavioral fields...
[27-Jul-2026 09:24:33][DEBUG   ] [narwc.validation.SurveyValidator] Validating platform field...
[27-Jul-2026 09:24:33][DEBUG   ] [narwc.validation.SurveyValidator] Validating foreign key fields...
[27-Jul-2026 09:24:33][INFO    ] [narwc.validation.SurveyValidator] Validation complete: 2 errors, 1 warnings (0 acknowledged [0 per-row, 0 per-survey], 1 new)
[27-Jul-2026 09:24:33][WARNING ] [narwc.validation.SurveyValidator] Data has validation errors
    [ERROR] datetime_rules.year_out_of_range -- 1 entry, ~1 row(s) affected -- e.g. field=YEAR: YEAR outside valid range [1900, 2027]
    [ERROR] species_rules.taxcode_missing_for_sighting -- 1 entry, ~1 row(s) affected -- e.g. field=TAXCODE: TAXCODE is required for sighting records
    [WARNING] datetime_rules.year_too_old -- 1 entry, ~1 row(s) affected -- e.g. field=YEAR: YEAR before 1980 - verify data quality
  IB926                DDSOURCE=CCS    PLATFORM=120   
[27-Jul-2026 09:24:33][INFO    ] [narwc.validation.SurveyValidator] Starting validation...
[27-Jul-2026 09:24:33][DEBUG   ] [narwc.validation.SurveyValidator] Validating required fields...
[27-Jul-2026 09:24:33][DEBUG   ] [narwc.validation.SurveyValidator] Validating coordinates...
[27-Jul-2026 09:24:33][DEBUG   ] [narwc.validation.SurveyValidator] Validating date/time fields...
[27-Jul-2026 09:24:33][DEBUG   ] [narwc.validation.SurveyValidator] Validating species fields...
[27-Jul-2026 09:24:33][DEBUG   ] [narwc.validation.SurveyValidator] Validating environmental fields...
[27-Jul-2026 09:24:33][DEBUG   ] [narwc.validation.SurveyValidator] Validating Beaufort scale...
[27-Jul-2026 09:24:33][DEBUG   ] [narwc.validation.SurveyValidator] Validating behavioral fields...
[27-Jul-2026 09:24:33][DEBUG   ] [narwc.validation.SurveyValidator] Validating platform field...
[27-Jul-2026 09:24:33][DEBUG   ] [narwc.validation.SurveyValidator] Validating foreign key fields...
[27-Jul-2026 09:24:34][INFO    ] [narwc.validation.SurveyValidator] Validation complete: 7 errors, 6 warnings (0 acknowledged [0 per-row, 0 per-survey], 6 new)
[27-Jul-2026 09:24:34][WARNING ] [narwc.validation.SurveyValidator] Data has validation errors
    [ERROR] datetime_rules.year_out_of_range -- 1 entry, ~6 row(s) affected -- e.g. field=YEAR: YEAR outside valid range [1900, 2027]
    [ERROR] species_rules.taxcode_missing_for_sighting -- 6 entries, ~6 row(s) affected -- e.g. field=TAXCODE: TAXCODE is required for sighting records
    [WARNING] datetime_rules.year_too_old -- 6 entries, ~6 row(s) affected -- e.g. field=YEAR: YEAR before 1980 - verify data quality
  SW1354               DDSOURCE=CCS    PLATFORM=107   
[27-Jul-2026 09:24:34][INFO    ] [narwc.validation.SurveyValidator] Starting validation...
[27-Jul-2026 09:24:34][DEBUG   ] [narwc.validation.SurveyValidator] Validating required fields...
[27-Jul-2026 09:24:34][DEBUG   ] [narwc.validation.SurveyValidator] Validating coordinates...
[27-Jul-2026 09:24:34][DEBUG   ] [narwc.validation.SurveyValidator] Validating date/time fields...
[27-Jul-2026 09:24:34][DEBUG   ] [narwc.validation.SurveyValidator] Validating species fields...
[27-Jul-2026 09:24:34][DEBUG   ] [narwc.validation.SurveyValidator] Validating environmental fields...
[27-Jul-2026 09:24:34][DEBUG   ] [narwc.validation.SurveyValidator] Validating Beaufort scale...
[27-Jul-2026 09:24:34][DEBUG   ] [narwc.validation.SurveyValidator] Validating behavioral fields...
[27-Jul-2026 09:24:34][DEBUG   ] [narwc.validation.SurveyValidator] Validating platform field...
[27-Jul-2026 09:24:34][DEBUG   ] [narwc.validation.SurveyValidator] Validating foreign key fields...
[27-Jul-2026 09:24:35][INFO    ] [narwc.validation.SurveyValidator] Validation complete: 5 errors, 4 warnings (0 acknowledged [0 per-row, 0 per-survey], 4 new)
[27-Jul-2026 09:24:35][WARNING ] [narwc.validation.SurveyValidator] Data has validation errors
    [ERROR] datetime_rules.year_out_of_range -- 1 entry, ~4 row(s) affected -- e.g. field=YEAR: YEAR outside valid range [1900, 2027]
    [ERROR] species_rules.taxcode_missing_for_sighting -- 4 entries, ~4 row(s) affected -- e.g. field=TAXCODE: TAXCODE is required for sighting records
    [WARNING] datetime_rules.year_too_old -- 4 entries, ~4 row(s) affected -- e.g. field=YEAR: YEAR before 1980 - verify data quality
  SW1356               DDSOURCE=CCS    PLATFORM=107   
[27-Jul-2026 09:24:35][INFO    ] [narwc.validation.SurveyValidator] Starting validation...
[27-Jul-2026 09:24:35][DEBUG   ] [narwc.validation.SurveyValidator] Validating required fields...
[27-Jul-2026 09:24:35][DEBUG   ] [narwc.validation.SurveyValidator] Validating coordinates...
[27-Jul-2026 09:24:35][DEBUG   ] [narwc.validation.SurveyValidator] Validating date/time fields...
[27-Jul-2026 09:24:35][DEBUG   ] [narwc.validation.SurveyValidator] Validating species fields...
[27-Jul-2026 09:24:35][DEBUG   ] [narwc.validation.SurveyValidator] Validating environmental fields...
[27-Jul-2026 09:24:35][DEBUG   ] [narwc.validation.SurveyValidator] Validating Beaufort scale...
[27-Jul-2026 09:24:35][DEBUG   ] [narwc.validation.SurveyValidator] Validating behavioral fields...
[27-Jul-2026 09:24:35][DEBUG   ] [narwc.validation.SurveyValidator] Validating platform field...
[27-Jul-2026 09:24:35][DEBUG   ] [narwc.validation.SurveyValidator] Validating foreign key fields...
[27-Jul-2026 09:24:35][INFO    ] [narwc.validation.SurveyValidator] Validation complete: 5 errors, 4 warnings (0 acknowledged [0 per-row, 0 per-survey], 4 new)
[27-Jul-2026 09:24:35][WARNING ] [narwc.validation.SurveyValidator] Data has validation errors
    [ERROR] datetime_rules.year_out_of_range -- 1 entry, ~4 row(s) affected -- e.g. field=YEAR: YEAR outside valid range [1900, 2027]
    [ERROR] species_rules.taxcode_missing_for_sighting -- 4 entries, ~4 row(s) affected -- e.g. field=TAXCODE: TAXCODE is required for sighting records
    [WARNING] datetime_rules.year_too_old -- 4 entries, ~4 row(s) affected -- e.g. field=YEAR: YEAR before 1980 - verify data quality
  SW1358               DDSOURCE=CCS    PLATFORM=107   
[27-Jul-2026 09:24:35][INFO    ] [narwc.validation.SurveyValidator] Starting validation...
[27-Jul-2026 09:24:35][DEBUG   ] [narwc.validation.SurveyValidator] Validating required fields...
[27-Jul-2026 09:24:35][DEBUG   ] [narwc.validation.SurveyValidator] Validating coordinates...
[27-Jul-2026 09:24:35][DEBUG   ] [narwc.validation.SurveyValidator] Validating date/time fields...
[27-Jul-2026 09:24:35][DEBUG   ] [narwc.validation.SurveyValidator] Validating species fields...
[27-Jul-2026 09:24:35][DEBUG   ] [narwc.validation.SurveyValidator] Validating environmental fields...
[27-Jul-2026 09:24:35][DEBUG   ] [narwc.validation.SurveyValidator] Validating Beaufort scale...
[27-Jul-2026 09:24:35][DEBUG   ] [narwc.validation.SurveyValidator] Validating behavioral fields...
[27-Jul-2026 09:24:35][DEBUG   ] [narwc.validation.SurveyValidator] Validating platform field...
[27-Jul-2026 09:24:36][DEBUG   ] [narwc.validation.SurveyValidator] Validating foreign key fields...
[27-Jul-2026 09:24:36][INFO    ] [narwc.validation.SurveyValidator] Validation complete: 6 errors, 5 warnings (0 acknowledged [0 per-row, 0 per-survey], 5 new)
[27-Jul-2026 09:24:36][WARNING ] [narwc.validation.SurveyValidator] Data has validation errors
    [ERROR] datetime_rules.year_out_of_range -- 1 entry, ~5 row(s) affected -- e.g. field=YEAR: YEAR outside valid range [1900, 2027]
    [ERROR] species_rules.taxcode_missing_for_sighting -- 5 entries, ~5 row(s) affected -- e.g. field=TAXCODE: TAXCODE is required for sighting records
    [WARNING] datetime_rules.year_too_old -- 5 entries, ~5 row(s) affected -- e.g. field=YEAR: YEAR before 1980 - verify data quality
  SW1365               DDSOURCE=CCS    PLATFORM=107   
  Validation: 69 error(s), 57 warning(s) across 12 survey(s)
[27-Jul-2026 09:24:36][DEBUG   ] [narwc.db.Connection] Fetched 1 rows
  IB919                -> INSERT (new)
[27-Jul-2026 09:24:36][DEBUG   ] [narwc.db.Connection] Fetched 1 rows
  IB920                -> INSERT (new)
[27-Jul-2026 09:24:36][DEBUG   ] [narwc.db.Connection] Fetched 1 rows
  IB921                -> INSERT (new)
[27-Jul-2026 09:24:36][DEBUG   ] [narwc.db.Connection] Fetched 1 rows
  IB922                -> INSERT (new)
[27-Jul-2026 09:24:36][DEBUG   ] [narwc.db.Connection] Fetched 1 rows
  IB923                -> INSERT (new)
[27-Jul-2026 09:24:36][DEBUG   ] [narwc.db.Connection] Fetched 1 rows
  IB924                -> INSERT (new)
[27-Jul-2026 09:24:36][DEBUG   ] [narwc.db.Connection] Fetched 1 rows
  IB925                -> INSERT (new)
[27-Jul-2026 09:24:36][DEBUG   ] [narwc.db.Connection] Fetched 1 rows
  IB926                -> INSERT (new)
[27-Jul-2026 09:24:36][DEBUG   ] [narwc.db.Connection] Fetched 1 rows
  SW1354               -> INSERT (new)
[27-Jul-2026 09:24:36][DEBUG   ] [narwc.db.Connection] Fetched 1 rows
  SW1356               -> INSERT (new)
[27-Jul-2026 09:24:36][DEBUG   ] [narwc.db.Connection] Fetched 1 rows
  SW1358               -> INSERT (new)
[27-Jul-2026 09:24:36][DEBUG   ] [narwc.db.Connection] Fetched 1 rows
  SW1365               -> INSERT (new)

--- NEAQVesselFormat ---
  Using real raw file: C:\Users\rshomberg\OneDrive - Marine Acoustics\Documents\3ops\2025-NARWCDB\data\surveys\raw\NEAQ & CWI (vessels)\2023\Fundy\2023-08-27-CWI-V.csv
[27-Jul-2026 09:24:36][INFO    ] [narwc.ingestion.SurveyFileWriter] Created: 2023-08-27-CWI-V
[27-Jul-2026 09:24:36][INFO    ] [narwc.ingestion.SurveyFileWriter] Summary written to: C:\Users\rshomberg\AppData\Local\Temp\tp7ef4fd64_946f_4599_8fa2_908913d44a22\pipeline_diagnostics_pending\NEAQVesselFormat\_split_summary_2026-07-27_09-24-36.log
  [OK] Converted: 1 survey(s), 688 row(s)
[27-Jul-2026 09:24:37][INFO    ] [narwc.validation.SurveyValidator] Starting validation...
[27-Jul-2026 09:24:37][DEBUG   ] [narwc.validation.SurveyValidator] Validating required fields...
[27-Jul-2026 09:24:37][DEBUG   ] [narwc.validation.SurveyValidator] Validating coordinates...
[27-Jul-2026 09:24:37][DEBUG   ] [narwc.validation.SurveyValidator] Validating date/time fields...
[27-Jul-2026 09:24:37][DEBUG   ] [narwc.validation.SurveyValidator] Validating species fields...
[27-Jul-2026 09:24:37][DEBUG   ] [narwc.validation.SurveyValidator] Validating environmental fields...
[27-Jul-2026 09:24:37][DEBUG   ] [narwc.validation.SurveyValidator] Validating Beaufort scale...
[27-Jul-2026 09:24:37][DEBUG   ] [narwc.validation.SurveyValidator] Validating behavioral fields...
[27-Jul-2026 09:24:37][DEBUG   ] [narwc.validation.SurveyValidator] Validating platform field...
[27-Jul-2026 09:24:37][DEBUG   ] [narwc.validation.SurveyValidator] Validating foreign key fields...
[27-Jul-2026 09:24:37][INFO    ] [narwc.validation.SurveyValidator] Validation complete: 87 errors, 0 warnings (0 acknowledged [0 per-row, 0 per-survey], 0 new)
[27-Jul-2026 09:24:37][WARNING ] [narwc.validation.SurveyValidator] Data has validation errors
    [ERROR] species_rules.taxcode_missing_for_sighting -- 87 entries, ~87 row(s) affected -- e.g. field=TAXCODE: TAXCODE is required for sighting records
  2023-08-27-CWI-V     DDSOURCE=NEA    PLATFORM=572   
  Validation: 87 error(s), 0 warning(s) across 1 survey(s)
[27-Jul-2026 09:24:37][DEBUG   ] [narwc.db.Connection] Fetched 1 rows
  2023-08-27-CWI-V     -> INSERT (new)

--- NEAQAerialFormat ---
  Using real raw file: C:\Users\rshomberg\OneDrive - Marine Acoustics\Documents\3ops\2025-NARWCDB\data\surveys\raw\NEAQ Aerial\Wind Energy Area 2024\NEAQ-A-20240112_URI.csv
[27-Jul-2026 09:24:38][INFO    ] [narwc.ingestion.SurveyFileWriter] Created: NEAQ-A-20240112_URI
[27-Jul-2026 09:24:38][INFO    ] [narwc.ingestion.SurveyFileWriter] Summary written to: C:\Users\rshomberg\AppData\Local\Temp\tp7ef4fd64_946f_4599_8fa2_908913d44a22\pipeline_diagnostics_pending\NEAQAerialFormat\_split_summary_2026-07-27_09-24-37.log
  [OK] Converted: 1 survey(s), 4732 row(s)
[27-Jul-2026 09:24:38][INFO    ] [narwc.validation.SurveyValidator] Starting validation...
[27-Jul-2026 09:24:38][DEBUG   ] [narwc.validation.SurveyValidator] Validating required fields...
[27-Jul-2026 09:24:38][DEBUG   ] [narwc.validation.SurveyValidator] Validating coordinates...
[27-Jul-2026 09:24:38][DEBUG   ] [narwc.validation.SurveyValidator] Validating date/time fields...
[27-Jul-2026 09:24:39][DEBUG   ] [narwc.validation.SurveyValidator] Validating species fields...
[27-Jul-2026 09:24:39][DEBUG   ] [narwc.validation.SurveyValidator] Validating environmental fields...
[27-Jul-2026 09:24:39][DEBUG   ] [narwc.validation.SurveyValidator] Validating Beaufort scale...
[27-Jul-2026 09:24:39][DEBUG   ] [narwc.validation.SurveyValidator] Validating behavioral fields...
[27-Jul-2026 09:24:39][DEBUG   ] [narwc.validation.SurveyValidator] Validating platform field...
[27-Jul-2026 09:24:39][DEBUG   ] [narwc.validation.SurveyValidator] Validating foreign key fields...
[27-Jul-2026 09:24:40][INFO    ] [narwc.validation.SurveyValidator] Validation complete: 361 errors, 1 warnings (0 acknowledged [0 per-row, 0 per-survey], 1 new)
[27-Jul-2026 09:24:40][WARNING ] [narwc.validation.SurveyValidator] Data has validation errors
    [ERROR] species_rules.speccode_missing_for_sighting -- 59 entries, ~59 row(s) affected -- e.g. field=SPECCODE: SPECCODE is required for sighting records
    [ERROR] species_rules.taxcode_missing_for_sighting -- 302 entries, ~302 row(s) affected -- e.g. field=TAXCODE: TAXCODE is required for sighting records
    [WARNING] required_fields.forbidden_on_non_sighting -- 1 entry, ~59 row(s) affected -- e.g. field=SIGHTNO: SIGHTNO must be blank on non-sighting records (no SPECCODE)
  NEAQ-A-20240112_URI  DDSOURCE=NEA    PLATFORM=651   
  Validation: 361 error(s), 1 warning(s) across 1 survey(s)
[27-Jul-2026 09:24:40][DEBUG   ] [narwc.db.Connection] Fetched 1 rows
  NEAQ-A-20240112_URI  -> INSERT (new)

[27-Jul-2026 09:24:40][INFO    ] [narwc.db.Connection] Database connection closed
=== Summary ===
Contributor    Parser                     Rows   Errs    Warns   Source  DB status
CCS            CCSAerialFormat            6116    520        2     real  all new (would INSERT)
CCS            CCSVesselFormat            2891    110     2892     real  all new (would INSERT)
CCS            CCSOpportunisticFormat       57     69       57     real  all new (would INSERT)
NEAQ & CWI (vessels) NEAQVesselFormat            688     87        0     real  all new (would INSERT)
NEAQ Aerial    NEAQAerialFormat           4732    361        1     real  all new (would INSERT)

Scratch conversion output left at: C:\Users\rshomberg\AppData\Local\Temp\tp7ef4fd64_946f_4599_8fa2_908913d44a22\pipeline_diagnostics_pending
No database writes were performed. To actually upload, run
  upload_contributor_batch('BatchId', <id>, 'Overwrite', true|false)
and to clean up test uploads afterward, see scripts/sql/curation/delete_survey.sql.
>> 